// Jest Snapshot v1, https://goo.gl/fbAQLP

exports[`Addition component tests matches snapshot 1`] = `
<body>
  <div>
    <div>
      <h2
        class="heading"
      >
        Addition Component
      </h2>
      <div
        class="container"
      >
        <div
          class="row"
        >
          <div
            class="column col"
          >
            <input
              class="input"
              id="addend1"
              type="number"
              value="0"
            />
          </div>
          <div
            class="column col"
          >
            <span
              class="text"
            >
              +
            </span>
          </div>
          <div
            class="column col"
          >
            <input
              class="input"
              id="addend2"
              type="number"
              value="0"
            />
          </div>
          <div
            class="column col"
          >
            <span
              class="text"
            >
              =
            </span>
          </div>
          <div
            class="column col"
          >
            <span
              class="sum"
            >
              0
            </span>
          </div>
        </div>
      </div>
    </div>
  </div>
</body>
`;
